{
  "version": "1.5.0",
  "plugins_used": [
    {
      "name": "ArtifactoryDetector"
    },
    {
      "name": "AWSKeyDetector"
    },
    {
      "name": "AzureStorageKeyDetector"
    },
    {
      "name": "Base64HighEntropyString",
      "limit": 4.5
    },
    {
      "name": "BasicAuthDetector"
    },
    {
      "name": "CloudantDetector"
    },
    {
      "name": "DiscordBotTokenDetector"
    },
    {
      "name": "GitHubTokenDetector"
    },
    {
      "name": "GitLabTokenDetector"
    },
    {
      "name": "HexHighEntropyString",
      "limit": 3.0
    },
    {
      "name": "IbmCloudIamDetector"
    },
    {
      "name": "IbmCosHmacDetector"
    },
    {
      "name": "IPPublicDetector"
    },
    {
      "name": "JwtTokenDetector"
    },
    {
      "name": "KeywordDetector",
      "keyword_exclude": ""
    },
    {
      "name": "MailchimpDetector"
    },
    {
      "name": "NpmDetector"
    },
    {
      "name": "OpenAIDetector"
    },
    {
      "name": "PrivateKeyDetector"
    },
    {
      "name": "PypiTokenDetector"
    },
    {
      "name": "SendGridDetector"
    },
    {
      "name": "SlackDetector"
    },
    {
      "name": "SoftlayerDetector"
    },
    {
      "name": "SquareOAuthDetector"
    },
    {
      "name": "StripeDetector"
    },
    {
      "name": "TelegramBotTokenDetector"
    },
    {
      "name": "TwilioKeyDetector"
    }
  ],
  "filters_used": [
    {
      "path": "detect_secrets.filters.allowlist.is_line_allowlisted"
    },
    {
      "path": "detect_secrets.filters.common.is_baseline_file",
      "filename": ".secrets.baseline"
    },
    {
      "path": "detect_secrets.filters.common.is_ignored_due_to_verification_policies",
      "min_level": 2
    },
    {
      "path": "detect_secrets.filters.heuristic.is_indirect_reference"
    },
    {
      "path": "detect_secrets.filters.heuristic.is_likely_id_string"
    },
    {
      "path": "detect_secrets.filters.heuristic.is_lock_file"
    },
    {
      "path": "detect_secrets.filters.heuristic.is_not_alphanumeric_string"
    },
    {
      "path": "detect_secrets.filters.heuristic.is_potential_uuid"
    },
    {
      "path": "detect_secrets.filters.heuristic.is_prefixed_with_dollar_sign"
    },
    {
      "path": "detect_secrets.filters.heuristic.is_sequential_string"
    },
    {
      "path": "detect_secrets.filters.heuristic.is_swagger_file"
    },
    {
      "path": "detect_secrets.filters.heuristic.is_templated_secret"
    },
    {
      "path": "detect_secrets.filters.regex.should_exclude_line",
      "pattern": [
        "^\\s+\"sha256\": \"[a-f0-9]{64}\",?\\s*$"
      ]
    }
  ],
  "results": {
    "datasets/derived/diffs/rooted_adb_vs_magisk_root_collector.json": [
      {
        "type": "Hex High Entropy String",
        "filename": "datasets/derived/diffs/rooted_adb_vs_magisk_root_collector.json",
        "hashed_secret": "ad3cd3e836748e97a128f6bcc073da15714d86f3",
        "is_verified": false,
        "line_number": 3
      },
      {
        "type": "Hex High Entropy String",
        "filename": "datasets/derived/diffs/rooted_adb_vs_magisk_root_collector.json",
        "hashed_secret": "a2036cff76f0e15041bb96e2f1b62c7275c136f1",
        "is_verified": false,
        "line_number": 402
      },
      {
        "type": "Hex High Entropy String",
        "filename": "datasets/derived/diffs/rooted_adb_vs_magisk_root_collector.json",
        "hashed_secret": "1a2caa3df71b65e09eaee13f49f901dcef8fc84b",
        "is_verified": false,
        "line_number": 498
      },
      {
        "type": "Hex High Entropy String",
        "filename": "datasets/derived/diffs/rooted_adb_vs_magisk_root_collector.json",
        "hashed_secret": "bc627f56f9c36db6965c90a39c3f05dc8f9f0174",
        "is_verified": false,
        "line_number": 674
      },
      {
        "type": "Hex High Entropy String",
        "filename": "datasets/derived/diffs/rooted_adb_vs_magisk_root_collector.json",
        "hashed_secret": "81251e58af9e1c3cf00cc8230cc2258d3ecec20e",
        "is_verified": false,
        "line_number": 687
      }
    ],
    "datasets/derived/diffs/rooted_adb_vs_rooted_root.json": [
      {
        "type": "Hex High Entropy String",
        "filename": "datasets/derived/diffs/rooted_adb_vs_rooted_root.json",
        "hashed_secret": "ad3cd3e836748e97a128f6bcc073da15714d86f3",
        "is_verified": false,
        "line_number": 3
      },
      {
        "type": "Hex High Entropy String",
        "filename": "datasets/derived/diffs/rooted_adb_vs_rooted_root.json",
        "hashed_secret": "3e532c4d17a3648927b64b3f3c1c4057a4e57b58",
        "is_verified": false,
        "line_number": 9
      },
      {
        "type": "Hex High Entropy String",
        "filename": "datasets/derived/diffs/rooted_adb_vs_rooted_root.json",
        "hashed_secret": "9ba47720cf574c6818a99a4d878a99ad9928cdc7",
        "is_verified": false,
        "line_number": 105
      },
      {
        "type": "Hex High Entropy String",
        "filename": "datasets/derived/diffs/rooted_adb_vs_rooted_root.json",
        "hashed_secret": "bc627f56f9c36db6965c90a39c3f05dc8f9f0174",
        "is_verified": false,
        "line_number": 118
      },
      {
        "type": "Hex High Entropy String",
        "filename": "datasets/derived/diffs/rooted_adb_vs_rooted_root.json",
        "hashed_secret": "2adc0a60b59d798d15227a2e363f1b14dc336631",
        "is_verified": false,
        "line_number": 131
      }
    ],
    "datasets/derived/diffs/stock_adb_vs_rooted_adb.json": [
      {
        "type": "Hex High Entropy String",
        "filename": "datasets/derived/diffs/stock_adb_vs_rooted_adb.json",
        "hashed_secret": "841c2e024ff1bb95ea18c199185a7398b8c29045",
        "is_verified": false,
        "line_number": 3
      },
      {
        "type": "Hex High Entropy String",
        "filename": "datasets/derived/diffs/stock_adb_vs_rooted_adb.json",
        "hashed_secret": "ad3cd3e836748e97a128f6bcc073da15714d86f3",
        "is_verified": false,
        "line_number": 32
      },
      {
        "type": "Hex High Entropy String",
        "filename": "datasets/derived/diffs/stock_adb_vs_rooted_adb.json",
        "hashed_secret": "de2fcc187b19e63ed405f14ab7d9630262a51065",
        "is_verified": false,
        "line_number": 98
      },
      {
        "type": "Hex High Entropy String",
        "filename": "datasets/derived/diffs/stock_adb_vs_rooted_adb.json",
        "hashed_secret": "b0563d95c327a24255d8e834bf03b2651209634b",
        "is_verified": false,
        "line_number": 111
      },
      {
        "type": "Hex High Entropy String",
        "filename": "datasets/derived/diffs/stock_adb_vs_rooted_adb.json",
        "hashed_secret": "bc627f56f9c36db6965c90a39c3f05dc8f9f0174",
        "is_verified": false,
        "line_number": 124
      }
    ],
    "datasets/derived/diffs/stock_vs_writable_system.json": [
      {
        "type": "Hex High Entropy String",
        "filename": "datasets/derived/diffs/stock_vs_writable_system.json",
        "hashed_secret": "841c2e024ff1bb95ea18c199185a7398b8c29045",
        "is_verified": false,
        "line_number": 3
      },
      {
        "type": "Hex High Entropy String",
        "filename": "datasets/derived/diffs/stock_vs_writable_system.json",
        "hashed_secret": "a9a486b3a47c12800ea18b93789dda053030d438",
        "is_verified": false,
        "line_number": 87
      },
      {
        "type": "Hex High Entropy String",
        "filename": "datasets/derived/diffs/stock_vs_writable_system.json",
        "hashed_secret": "860954024f5b44e8237b58ffe7b4041581b54967",
        "is_verified": false,
        "line_number": 153
      },
      {
        "type": "Hex High Entropy String",
        "filename": "datasets/derived/diffs/stock_vs_writable_system.json",
        "hashed_secret": "b0563d95c327a24255d8e834bf03b2651209634b",
        "is_verified": false,
        "line_number": 166
      },
      {
        "type": "Hex High Entropy String",
        "filename": "datasets/derived/diffs/stock_vs_writable_system.json",
        "hashed_secret": "fa11cb693174da8508e61f38e670ffa99ecfc735",
        "is_verified": false,
        "line_number": 179
      }
    ],
    "datasets/samples/magisk_collector/E05_magisk_collector__observer-root__sample.json": [
      {
        "type": "Hex High Entropy String",
        "filename": "datasets/samples/magisk_collector/E05_magisk_collector__observer-root__sample.json",
        "hashed_secret": "a2036cff76f0e15041bb96e2f1b62c7275c136f1",
        "is_verified": false,
        "line_number": 26
      },
      {
        "type": "Base64 High Entropy String",
        "filename": "datasets/samples/magisk_collector/E05_magisk_collector__observer-root__sample.json",
        "hashed_secret": "36c89976d4808080fabbad7612d9010b4b3a3f3a",
        "is_verified": false,
        "line_number": 84
      },
      {
        "type": "Hex High Entropy String",
        "filename": "datasets/samples/magisk_collector/E05_magisk_collector__observer-root__sample.json",
        "hashed_secret": "42fddb91387ce6fdb695272e87863092895c6272",
        "is_verified": false,
        "line_number": 127
      },
      {
        "type": "Hex High Entropy String",
        "filename": "datasets/samples/magisk_collector/E05_magisk_collector__observer-root__sample.json",
        "hashed_secret": "64418cd1fe89df2192a96f81a60575b2a21413b3",
        "is_verified": false,
        "line_number": 152
      }
    ],
    "datasets/samples/rooted_avd/E02_rooted_avd__observer-adb__sample.json": [
      {
        "type": "Hex High Entropy String",
        "filename": "datasets/samples/rooted_avd/E02_rooted_avd__observer-adb__sample.json",
        "hashed_secret": "ad3cd3e836748e97a128f6bcc073da15714d86f3",
        "is_verified": false,
        "line_number": 26
      },
      {
        "type": "Base64 High Entropy String",
        "filename": "datasets/samples/rooted_avd/E02_rooted_avd__observer-adb__sample.json",
        "hashed_secret": "36c89976d4808080fabbad7612d9010b4b3a3f3a",
        "is_verified": false,
        "line_number": 84
      }
    ],
    "datasets/samples/rooted_avd/E02_rooted_avd__observer-root__sample.json": [
      {
        "type": "Hex High Entropy String",
        "filename": "datasets/samples/rooted_avd/E02_rooted_avd__observer-root__sample.json",
        "hashed_secret": "3e532c4d17a3648927b64b3f3c1c4057a4e57b58",
        "is_verified": false,
        "line_number": 26
      },
      {
        "type": "Base64 High Entropy String",
        "filename": "datasets/samples/rooted_avd/E02_rooted_avd__observer-root__sample.json",
        "hashed_secret": "36c89976d4808080fabbad7612d9010b4b3a3f3a",
        "is_verified": false,
        "line_number": 84
      }
    ],
    "datasets/samples/stock_avd/E01_stock_avd__observer-adb__sample.json": [
      {
        "type": "Hex High Entropy String",
        "filename": "datasets/samples/stock_avd/E01_stock_avd__observer-adb__sample.json",
        "hashed_secret": "841c2e024ff1bb95ea18c199185a7398b8c29045",
        "is_verified": false,
        "line_number": 26
      },
      {
        "type": "Base64 High Entropy String",
        "filename": "datasets/samples/stock_avd/E01_stock_avd__observer-adb__sample.json",
        "hashed_secret": "36c89976d4808080fabbad7612d9010b4b3a3f3a",
        "is_verified": false,
        "line_number": 84
      }
    ],
    "datasets/samples/writable_system_avd/E03_writable_system_avd__observer-adb__sample.json": [
      {
        "type": "Hex High Entropy String",
        "filename": "datasets/samples/writable_system_avd/E03_writable_system_avd__observer-adb__sample.json",
        "hashed_secret": "a9a486b3a47c12800ea18b93789dda053030d438",
        "is_verified": false,
        "line_number": 26
      },
      {
        "type": "Base64 High Entropy String",
        "filename": "datasets/samples/writable_system_avd/E03_writable_system_avd__observer-adb__sample.json",
        "hashed_secret": "36c89976d4808080fabbad7612d9010b4b3a3f3a",
        "is_verified": false,
        "line_number": 84
      }
    ],
    "tests/fixtures/sample_diff.json": [
      {
        "type": "Hex High Entropy String",
        "filename": "tests/fixtures/sample_diff.json",
        "hashed_secret": "841c2e024ff1bb95ea18c199185a7398b8c29045",
        "is_verified": false,
        "line_number": 3
      },
      {
        "type": "Hex High Entropy String",
        "filename": "tests/fixtures/sample_diff.json",
        "hashed_secret": "ad3cd3e836748e97a128f6bcc073da15714d86f3",
        "is_verified": false,
        "line_number": 32
      },
      {
        "type": "Hex High Entropy String",
        "filename": "tests/fixtures/sample_diff.json",
        "hashed_secret": "de2fcc187b19e63ed405f14ab7d9630262a51065",
        "is_verified": false,
        "line_number": 98
      },
      {
        "type": "Hex High Entropy String",
        "filename": "tests/fixtures/sample_diff.json",
        "hashed_secret": "b0563d95c327a24255d8e834bf03b2651209634b",
        "is_verified": false,
        "line_number": 111
      },
      {
        "type": "Hex High Entropy String",
        "filename": "tests/fixtures/sample_diff.json",
        "hashed_secret": "bc627f56f9c36db6965c90a39c3f05dc8f9f0174",
        "is_verified": false,
        "line_number": 124
      }
    ],
    "tests/fixtures/sample_normalized_report.json": [
      {
        "type": "Hex High Entropy String",
        "filename": "tests/fixtures/sample_normalized_report.json",
        "hashed_secret": "c4a45b763bd8dc2e33dea9f80debefb230f44ad5",
        "is_verified": false,
        "line_number": 26
      },
      {
        "type": "Base64 High Entropy String",
        "filename": "tests/fixtures/sample_normalized_report.json",
        "hashed_secret": "36c89976d4808080fabbad7612d9010b4b3a3f3a",
        "is_verified": false,
        "line_number": 84
      }
    ],
    "tests/golden/cli_expectations.json": [
      {
        "type": "Hex High Entropy String",
        "filename": "tests/golden/cli_expectations.json",
        "hashed_secret": "6648fbc02c232b28dca03b890ebb2f5e290eec2b",
        "is_verified": false,
        "line_number": 5
      }
    ],
    "tests/golden/report_v1_to_v2_expectations.json": [
      {
        "type": "Hex High Entropy String",
        "filename": "tests/golden/report_v1_to_v2_expectations.json",
        "hashed_secret": "9c90b348187dcae4e56a3110bcf4edb72234134c",
        "is_verified": false,
        "line_number": 12
      },
      {
        "type": "Hex High Entropy String",
        "filename": "tests/golden/report_v1_to_v2_expectations.json",
        "hashed_secret": "7af31f6dde9f024f800ce4753ff32f6deaf1e915",
        "is_verified": false,
        "line_number": 14
      }
    ],
    "tests/test_collection_manifest.py": [
      {
        "type": "AWS Access Key",
        "filename": "tests/test_collection_manifest.py",
        "hashed_secret": "25910f981e85ca04baf359199dd0bd4a3ae738b6",
        "is_verified": false,
        "line_number": 436
      }
    ],
    "tests/test_content_identity.py": [
      {
        "type": "Hex High Entropy String",
        "filename": "tests/test_content_identity.py",
        "hashed_secret": "e1a10a9204a5bfa2ce3d54a28ca88b7713c2f34b",
        "is_verified": false,
        "line_number": 62
      }
    ],
    "tests/test_report_migration.py": [
      {
        "type": "AWS Access Key",
        "filename": "tests/test_report_migration.py",
        "hashed_secret": "25910f981e85ca04baf359199dd0bd4a3ae738b6",
        "is_verified": false,
        "line_number": 371
      }
    ],
    "tests/test_root_magisk_privacy.py": [
      {
        "type": "Hex High Entropy String",
        "filename": "tests/test_root_magisk_privacy.py",
        "hashed_secret": "41e29575c7361b2924f701502ca6d932b45b9e51",
        "is_verified": false,
        "line_number": 153
      }
    ]
  },
  "generated_at": "2026-07-16T21:19:56Z"
}
