{
  "version": "1.5.0",
  "plugins_used": [
    {
      "name": "ArtifactoryDetector"
    },
    {
      "name": "AWSKeyDetector"
    },
    {
      "name": "AzureStorageKeyDetector"
    },
    {
      "name": "Base64HighEntropyString",
      "limit": 4.5
    },
    {
      "name": "BasicAuthDetector"
    },
    {
      "name": "CloudantDetector"
    },
    {
      "name": "DiscordBotTokenDetector"
    },
    {
      "name": "GitHubTokenDetector"
    },
    {
      "name": "GitLabTokenDetector"
    },
    {
      "name": "HexHighEntropyString",
      "limit": 3.0
    },
    {
      "name": "IbmCloudIamDetector"
    },
    {
      "name": "IbmCosHmacDetector"
    },
    {
      "name": "IPPublicDetector"
    },
    {
      "name": "JwtTokenDetector"
    },
    {
      "name": "KeywordDetector",
      "keyword_exclude": ""
    },
    {
      "name": "MailchimpDetector"
    },
    {
      "name": "NpmDetector"
    },
    {
      "name": "OpenAIDetector"
    },
    {
      "name": "PrivateKeyDetector"
    },
    {
      "name": "PypiTokenDetector"
    },
    {
      "name": "SendGridDetector"
    },
    {
      "name": "SlackDetector"
    },
    {
      "name": "SoftlayerDetector"
    },
    {
      "name": "SquareOAuthDetector"
    },
    {
      "name": "StripeDetector"
    },
    {
      "name": "TelegramBotTokenDetector"
    },
    {
      "name": "TwilioKeyDetector"
    }
  ],
  "filters_used": [
    {
      "path": "detect_secrets.filters.allowlist.is_line_allowlisted"
    },
    {
      "path": "detect_secrets.filters.common.is_baseline_file",
      "filename": ".secrets.baseline"
    },
    {
      "path": "detect_secrets.filters.common.is_ignored_due_to_verification_policies",
      "min_level": 2
    },
    {
      "path": "detect_secrets.filters.heuristic.is_indirect_reference"
    },
    {
      "path": "detect_secrets.filters.heuristic.is_likely_id_string"
    },
    {
      "path": "detect_secrets.filters.heuristic.is_lock_file"
    },
    {
      "path": "detect_secrets.filters.heuristic.is_not_alphanumeric_string"
    },
    {
      "path": "detect_secrets.filters.heuristic.is_potential_uuid"
    },
    {
      "path": "detect_secrets.filters.heuristic.is_prefixed_with_dollar_sign"
    },
    {
      "path": "detect_secrets.filters.heuristic.is_sequential_string"
    },
    {
      "path": "detect_secrets.filters.heuristic.is_swagger_file"
    },
    {
      "path": "detect_secrets.filters.heuristic.is_templated_secret"
    },
    {
      "path": "detect_secrets.filters.regex.should_exclude_line",
      "pattern": [
        "^\\s+\"sha256\": \"[a-f0-9]{64}\",?\\s*$"
      ]
    }
  ],
  "results": {
    "datasets/derived/diffs/rooted_adb_vs_magisk_root_collector.json": [
      {
        "type": "Hex High Entropy String",
        "filename": "datasets/derived/diffs/rooted_adb_vs_magisk_root_collector.json",
        "hashed_secret": "ec6e26be59e7f695415a9097479a556a3ea0d711",
        "is_verified": false,
        "line_number": 3
      },
      {
        "type": "Hex High Entropy String",
        "filename": "datasets/derived/diffs/rooted_adb_vs_magisk_root_collector.json",
        "hashed_secret": "4e7d59ed7b045cfff69f0a67bb15965dedeb8d6f",
        "is_verified": false,
        "line_number": 36
      },
      {
        "type": "Hex High Entropy String",
        "filename": "datasets/derived/diffs/rooted_adb_vs_magisk_root_collector.json",
        "hashed_secret": "4e112aeb5c8dd7af4691eba13c268a1b8aa78717",
        "is_verified": false,
        "line_number": 41
      },
      {
        "type": "Hex High Entropy String",
        "filename": "datasets/derived/diffs/rooted_adb_vs_magisk_root_collector.json",
        "hashed_secret": "01470203a6802938fa0394e8919b036cf390aa13",
        "is_verified": false,
        "line_number": 54
      },
      {
        "type": "Hex High Entropy String",
        "filename": "datasets/derived/diffs/rooted_adb_vs_magisk_root_collector.json",
        "hashed_secret": "a2c2f4e192dcdbe8265600d12f6a474e1e7f220e",
        "is_verified": false,
        "line_number": 67
      }
    ],
    "datasets/derived/diffs/rooted_adb_vs_rooted_root.json": [
      {
        "type": "Hex High Entropy String",
        "filename": "datasets/derived/diffs/rooted_adb_vs_rooted_root.json",
        "hashed_secret": "ec6e26be59e7f695415a9097479a556a3ea0d711",
        "is_verified": false,
        "line_number": 3
      },
      {
        "type": "Hex High Entropy String",
        "filename": "datasets/derived/diffs/rooted_adb_vs_rooted_root.json",
        "hashed_secret": "c7701b5bd31321aaaa3760c5b9336a714c6a2932",
        "is_verified": false,
        "line_number": 20
      },
      {
        "type": "Hex High Entropy String",
        "filename": "datasets/derived/diffs/rooted_adb_vs_rooted_root.json",
        "hashed_secret": "00560eaad7624d04234402a0053f0d894a6188b8",
        "is_verified": false,
        "line_number": 25
      },
      {
        "type": "Hex High Entropy String",
        "filename": "datasets/derived/diffs/rooted_adb_vs_rooted_root.json",
        "hashed_secret": "01470203a6802938fa0394e8919b036cf390aa13",
        "is_verified": false,
        "line_number": 38
      },
      {
        "type": "Hex High Entropy String",
        "filename": "datasets/derived/diffs/rooted_adb_vs_rooted_root.json",
        "hashed_secret": "b08217d8c02a643d643df232946f7af21198f02d",
        "is_verified": false,
        "line_number": 51
      }
    ],
    "datasets/derived/diffs/stock_adb_vs_rooted_adb.json": [
      {
        "type": "Hex High Entropy String",
        "filename": "datasets/derived/diffs/stock_adb_vs_rooted_adb.json",
        "hashed_secret": "e5f75c73bf1a381664949d7fbdb73070aae2b6bc",
        "is_verified": false,
        "line_number": 3
      },
      {
        "type": "Hex High Entropy String",
        "filename": "datasets/derived/diffs/stock_adb_vs_rooted_adb.json",
        "hashed_secret": "ec6e26be59e7f695415a9097479a556a3ea0d711",
        "is_verified": false,
        "line_number": 26
      },
      {
        "type": "Hex High Entropy String",
        "filename": "datasets/derived/diffs/stock_adb_vs_rooted_adb.json",
        "hashed_secret": "8f68f22ffb660cf376b1488acb3f07a530385bdb",
        "is_verified": false,
        "line_number": 31
      },
      {
        "type": "Hex High Entropy String",
        "filename": "datasets/derived/diffs/stock_adb_vs_rooted_adb.json",
        "hashed_secret": "5591ac4fcdd7157646000743ea91966d3707d7b3",
        "is_verified": false,
        "line_number": 44
      },
      {
        "type": "Hex High Entropy String",
        "filename": "datasets/derived/diffs/stock_adb_vs_rooted_adb.json",
        "hashed_secret": "01470203a6802938fa0394e8919b036cf390aa13",
        "is_verified": false,
        "line_number": 57
      }
    ],
    "datasets/derived/diffs/stock_vs_writable_system.json": [
      {
        "type": "Hex High Entropy String",
        "filename": "datasets/derived/diffs/stock_vs_writable_system.json",
        "hashed_secret": "e5f75c73bf1a381664949d7fbdb73070aae2b6bc",
        "is_verified": false,
        "line_number": 3
      },
      {
        "type": "Hex High Entropy String",
        "filename": "datasets/derived/diffs/stock_vs_writable_system.json",
        "hashed_secret": "c028f9dd69b582b323c71234ee8d8e127038b4e7",
        "is_verified": false,
        "line_number": 40
      },
      {
        "type": "Hex High Entropy String",
        "filename": "datasets/derived/diffs/stock_vs_writable_system.json",
        "hashed_secret": "52bfae73124eea02c49f97bf293c3103273cff45",
        "is_verified": false,
        "line_number": 45
      },
      {
        "type": "Hex High Entropy String",
        "filename": "datasets/derived/diffs/stock_vs_writable_system.json",
        "hashed_secret": "5591ac4fcdd7157646000743ea91966d3707d7b3",
        "is_verified": false,
        "line_number": 58
      },
      {
        "type": "Hex High Entropy String",
        "filename": "datasets/derived/diffs/stock_vs_writable_system.json",
        "hashed_secret": "eae8222e4bd29925fc76038fb94a00ad9bc60303",
        "is_verified": false,
        "line_number": 71
      }
    ],
    "datasets/samples/magisk_collector/E05_magisk_collector__observer-root__sample.json": [
      {
        "type": "Hex High Entropy String",
        "filename": "datasets/samples/magisk_collector/E05_magisk_collector__observer-root__sample.json",
        "hashed_secret": "4e7d59ed7b045cfff69f0a67bb15965dedeb8d6f",
        "is_verified": false,
        "line_number": 26
      },
      {
        "type": "Hex High Entropy String",
        "filename": "datasets/samples/magisk_collector/E05_magisk_collector__observer-root__sample.json",
        "hashed_secret": "ad0da89a7bbbd34ac8df6f4d8a66d52e0b9f8d1f",
        "is_verified": false,
        "line_number": 46
      }
    ],
    "datasets/samples/rooted_avd/E02_rooted_avd__observer-adb__sample.json": [
      {
        "type": "Hex High Entropy String",
        "filename": "datasets/samples/rooted_avd/E02_rooted_avd__observer-adb__sample.json",
        "hashed_secret": "ec6e26be59e7f695415a9097479a556a3ea0d711",
        "is_verified": false,
        "line_number": 26
      }
    ],
    "datasets/samples/rooted_avd/E02_rooted_avd__observer-root__sample.json": [
      {
        "type": "Hex High Entropy String",
        "filename": "datasets/samples/rooted_avd/E02_rooted_avd__observer-root__sample.json",
        "hashed_secret": "c7701b5bd31321aaaa3760c5b9336a714c6a2932",
        "is_verified": false,
        "line_number": 26
      }
    ],
    "datasets/samples/stock_avd/E01_stock_avd__observer-adb__sample.json": [
      {
        "type": "Hex High Entropy String",
        "filename": "datasets/samples/stock_avd/E01_stock_avd__observer-adb__sample.json",
        "hashed_secret": "e5f75c73bf1a381664949d7fbdb73070aae2b6bc",
        "is_verified": false,
        "line_number": 26
      }
    ],
    "datasets/samples/writable_system_avd/E03_writable_system_avd__observer-adb__sample.json": [
      {
        "type": "Hex High Entropy String",
        "filename": "datasets/samples/writable_system_avd/E03_writable_system_avd__observer-adb__sample.json",
        "hashed_secret": "c028f9dd69b582b323c71234ee8d8e127038b4e7",
        "is_verified": false,
        "line_number": 26
      }
    ],
    "tests/fixtures/sample_diff.json": [
      {
        "type": "Hex High Entropy String",
        "filename": "tests/fixtures/sample_diff.json",
        "hashed_secret": "e5f75c73bf1a381664949d7fbdb73070aae2b6bc",
        "is_verified": false,
        "line_number": 3
      },
      {
        "type": "Hex High Entropy String",
        "filename": "tests/fixtures/sample_diff.json",
        "hashed_secret": "ec6e26be59e7f695415a9097479a556a3ea0d711",
        "is_verified": false,
        "line_number": 26
      },
      {
        "type": "Hex High Entropy String",
        "filename": "tests/fixtures/sample_diff.json",
        "hashed_secret": "8f68f22ffb660cf376b1488acb3f07a530385bdb",
        "is_verified": false,
        "line_number": 31
      },
      {
        "type": "Hex High Entropy String",
        "filename": "tests/fixtures/sample_diff.json",
        "hashed_secret": "5591ac4fcdd7157646000743ea91966d3707d7b3",
        "is_verified": false,
        "line_number": 44
      },
      {
        "type": "Hex High Entropy String",
        "filename": "tests/fixtures/sample_diff.json",
        "hashed_secret": "01470203a6802938fa0394e8919b036cf390aa13",
        "is_verified": false,
        "line_number": 57
      }
    ],
    "tests/fixtures/sample_normalized_report.json": [
      {
        "type": "Hex High Entropy String",
        "filename": "tests/fixtures/sample_normalized_report.json",
        "hashed_secret": "722aef95ac96a7b637fe1ec44a281c8c508b87f8",
        "is_verified": false,
        "line_number": 26
      }
    ],
    "tests/golden/cli_expectations.json": [
      {
        "type": "Hex High Entropy String",
        "filename": "tests/golden/cli_expectations.json",
        "hashed_secret": "89ff4437c173856c8f777230d40c69b116c45c15",
        "is_verified": false,
        "line_number": 5
      }
    ],
    "tests/golden/report_v1_to_v2_expectations.json": [
      {
        "type": "Hex High Entropy String",
        "filename": "tests/golden/report_v1_to_v2_expectations.json",
        "hashed_secret": "9c90b348187dcae4e56a3110bcf4edb72234134c",
        "is_verified": false,
        "line_number": 12
      },
      {
        "type": "Hex High Entropy String",
        "filename": "tests/golden/report_v1_to_v2_expectations.json",
        "hashed_secret": "7af31f6dde9f024f800ce4753ff32f6deaf1e915",
        "is_verified": false,
        "line_number": 14
      }
    ],
    "tests/test_content_identity.py": [
      {
        "type": "Hex High Entropy String",
        "filename": "tests/test_content_identity.py",
        "hashed_secret": "e1a10a9204a5bfa2ce3d54a28ca88b7713c2f34b",
        "is_verified": false,
        "line_number": 62
      }
    ]
  },
  "generated_at": "2026-07-16T11:03:04Z"
}
