{
  "version": "1.5.0",
  "plugins_used": [
    {
      "name": "ArtifactoryDetector"
    },
    {
      "name": "AWSKeyDetector"
    },
    {
      "name": "AzureStorageKeyDetector"
    },
    {
      "name": "Base64HighEntropyString",
      "limit": 4.5
    },
    {
      "name": "BasicAuthDetector"
    },
    {
      "name": "CloudantDetector"
    },
    {
      "name": "DiscordBotTokenDetector"
    },
    {
      "name": "GitHubTokenDetector"
    },
    {
      "name": "GitLabTokenDetector"
    },
    {
      "name": "HexHighEntropyString",
      "limit": 3.0
    },
    {
      "name": "IbmCloudIamDetector"
    },
    {
      "name": "IbmCosHmacDetector"
    },
    {
      "name": "IPPublicDetector"
    },
    {
      "name": "JwtTokenDetector"
    },
    {
      "name": "KeywordDetector",
      "keyword_exclude": ""
    },
    {
      "name": "MailchimpDetector"
    },
    {
      "name": "NpmDetector"
    },
    {
      "name": "OpenAIDetector"
    },
    {
      "name": "PrivateKeyDetector"
    },
    {
      "name": "PypiTokenDetector"
    },
    {
      "name": "SendGridDetector"
    },
    {
      "name": "SlackDetector"
    },
    {
      "name": "SoftlayerDetector"
    },
    {
      "name": "SquareOAuthDetector"
    },
    {
      "name": "StripeDetector"
    },
    {
      "name": "TelegramBotTokenDetector"
    },
    {
      "name": "TwilioKeyDetector"
    }
  ],
  "filters_used": [
    {
      "path": "detect_secrets.filters.allowlist.is_line_allowlisted"
    },
    {
      "path": "detect_secrets.filters.common.is_baseline_file",
      "filename": ".secrets.baseline"
    },
    {
      "path": "detect_secrets.filters.common.is_ignored_due_to_verification_policies",
      "min_level": 2
    },
    {
      "path": "detect_secrets.filters.heuristic.is_indirect_reference"
    },
    {
      "path": "detect_secrets.filters.heuristic.is_likely_id_string"
    },
    {
      "path": "detect_secrets.filters.heuristic.is_lock_file"
    },
    {
      "path": "detect_secrets.filters.heuristic.is_not_alphanumeric_string"
    },
    {
      "path": "detect_secrets.filters.heuristic.is_potential_uuid"
    },
    {
      "path": "detect_secrets.filters.heuristic.is_prefixed_with_dollar_sign"
    },
    {
      "path": "detect_secrets.filters.heuristic.is_sequential_string"
    },
    {
      "path": "detect_secrets.filters.heuristic.is_swagger_file"
    },
    {
      "path": "detect_secrets.filters.heuristic.is_templated_secret"
    },
    {
      "path": "detect_secrets.filters.regex.should_exclude_line",
      "pattern": [
        "^\\s+\"sha256\": \"[a-f0-9]{64}\",?\\s*$"
      ]
    }
  ],
  "results": {
    "datasets/derived/diffs/rooted_adb_vs_magisk_root_collector.json": [
      {
        "type": "Hex High Entropy String",
        "filename": "datasets/derived/diffs/rooted_adb_vs_magisk_root_collector.json",
        "hashed_secret": "ad3cd3e836748e97a128f6bcc073da15714d86f3",
        "is_verified": false,
        "line_number": 3
      },
      {
        "type": "Hex High Entropy String",
        "filename": "datasets/derived/diffs/rooted_adb_vs_magisk_root_collector.json",
        "hashed_secret": "a2036cff76f0e15041bb96e2f1b62c7275c136f1",
        "is_verified": false,
        "line_number": 732
      },
      {
        "type": "Hex High Entropy String",
        "filename": "datasets/derived/diffs/rooted_adb_vs_magisk_root_collector.json",
        "hashed_secret": "5ab41599266bcbf41f2bd46385484b987c49fb9b",
        "is_verified": false,
        "line_number": 828
      },
      {
        "type": "Hex High Entropy String",
        "filename": "datasets/derived/diffs/rooted_adb_vs_magisk_root_collector.json",
        "hashed_secret": "bc627f56f9c36db6965c90a39c3f05dc8f9f0174",
        "is_verified": false,
        "line_number": 1310
      },
      {
        "type": "Hex High Entropy String",
        "filename": "datasets/derived/diffs/rooted_adb_vs_magisk_root_collector.json",
        "hashed_secret": "81251e58af9e1c3cf00cc8230cc2258d3ecec20e",
        "is_verified": false,
        "line_number": 1323
      }
    ],
    "datasets/derived/diffs/rooted_adb_vs_rooted_root.json": [
      {
        "type": "Hex High Entropy String",
        "filename": "datasets/derived/diffs/rooted_adb_vs_rooted_root.json",
        "hashed_secret": "ad3cd3e836748e97a128f6bcc073da15714d86f3",
        "is_verified": false,
        "line_number": 3
      },
      {
        "type": "Hex High Entropy String",
        "filename": "datasets/derived/diffs/rooted_adb_vs_rooted_root.json",
        "hashed_secret": "3e532c4d17a3648927b64b3f3c1c4057a4e57b58",
        "is_verified": false,
        "line_number": 9
      },
      {
        "type": "Hex High Entropy String",
        "filename": "datasets/derived/diffs/rooted_adb_vs_rooted_root.json",
        "hashed_secret": "b24c0f38c04ab2dd87b7660dd0431356effb50e8",
        "is_verified": false,
        "line_number": 105
      },
      {
        "type": "Hex High Entropy String",
        "filename": "datasets/derived/diffs/rooted_adb_vs_rooted_root.json",
        "hashed_secret": "bc627f56f9c36db6965c90a39c3f05dc8f9f0174",
        "is_verified": false,
        "line_number": 118
      },
      {
        "type": "Hex High Entropy String",
        "filename": "datasets/derived/diffs/rooted_adb_vs_rooted_root.json",
        "hashed_secret": "2adc0a60b59d798d15227a2e363f1b14dc336631",
        "is_verified": false,
        "line_number": 131
      }
    ],
    "datasets/derived/diffs/stock_adb_vs_rooted_adb.json": [
      {
        "type": "Hex High Entropy String",
        "filename": "datasets/derived/diffs/stock_adb_vs_rooted_adb.json",
        "hashed_secret": "841c2e024ff1bb95ea18c199185a7398b8c29045",
        "is_verified": false,
        "line_number": 3
      },
      {
        "type": "Hex High Entropy String",
        "filename": "datasets/derived/diffs/stock_adb_vs_rooted_adb.json",
        "hashed_secret": "ad3cd3e836748e97a128f6bcc073da15714d86f3",
        "is_verified": false,
        "line_number": 62
      },
      {
        "type": "Hex High Entropy String",
        "filename": "datasets/derived/diffs/stock_adb_vs_rooted_adb.json",
        "hashed_secret": "5c3d28dc3e4ca229f0d0421784533bcd30d6e05f",
        "is_verified": false,
        "line_number": 128
      },
      {
        "type": "Hex High Entropy String",
        "filename": "datasets/derived/diffs/stock_adb_vs_rooted_adb.json",
        "hashed_secret": "b0563d95c327a24255d8e834bf03b2651209634b",
        "is_verified": false,
        "line_number": 141
      },
      {
        "type": "Hex High Entropy String",
        "filename": "datasets/derived/diffs/stock_adb_vs_rooted_adb.json",
        "hashed_secret": "bc627f56f9c36db6965c90a39c3f05dc8f9f0174",
        "is_verified": false,
        "line_number": 154
      }
    ],
    "datasets/derived/diffs/stock_vs_writable_system.json": [
      {
        "type": "Hex High Entropy String",
        "filename": "datasets/derived/diffs/stock_vs_writable_system.json",
        "hashed_secret": "841c2e024ff1bb95ea18c199185a7398b8c29045",
        "is_verified": false,
        "line_number": 3
      },
      {
        "type": "Hex High Entropy String",
        "filename": "datasets/derived/diffs/stock_vs_writable_system.json",
        "hashed_secret": "a9a486b3a47c12800ea18b93789dda053030d438",
        "is_verified": false,
        "line_number": 147
      },
      {
        "type": "Hex High Entropy String",
        "filename": "datasets/derived/diffs/stock_vs_writable_system.json",
        "hashed_secret": "6b2428c483b606839927a41aabd6732f3062e43b",
        "is_verified": false,
        "line_number": 213
      },
      {
        "type": "Hex High Entropy String",
        "filename": "datasets/derived/diffs/stock_vs_writable_system.json",
        "hashed_secret": "b0563d95c327a24255d8e834bf03b2651209634b",
        "is_verified": false,
        "line_number": 226
      },
      {
        "type": "Hex High Entropy String",
        "filename": "datasets/derived/diffs/stock_vs_writable_system.json",
        "hashed_secret": "fa11cb693174da8508e61f38e670ffa99ecfc735",
        "is_verified": false,
        "line_number": 239
      }
    ],
    "datasets/samples/magisk_collector/E05_magisk_collector__observer-root__sample.json": [
      {
        "type": "Hex High Entropy String",
        "filename": "datasets/samples/magisk_collector/E05_magisk_collector__observer-root__sample.json",
        "hashed_secret": "a2036cff76f0e15041bb96e2f1b62c7275c136f1",
        "is_verified": false,
        "line_number": 26
      },
      {
        "type": "Base64 High Entropy String",
        "filename": "datasets/samples/magisk_collector/E05_magisk_collector__observer-root__sample.json",
        "hashed_secret": "36c89976d4808080fabbad7612d9010b4b3a3f3a",
        "is_verified": false,
        "line_number": 84
      },
      {
        "type": "Hex High Entropy String",
        "filename": "datasets/samples/magisk_collector/E05_magisk_collector__observer-root__sample.json",
        "hashed_secret": "42fddb91387ce6fdb695272e87863092895c6272",
        "is_verified": false,
        "line_number": 127
      },
      {
        "type": "Hex High Entropy String",
        "filename": "datasets/samples/magisk_collector/E05_magisk_collector__observer-root__sample.json",
        "hashed_secret": "64418cd1fe89df2192a96f81a60575b2a21413b3",
        "is_verified": false,
        "line_number": 152
      }
    ],
    "datasets/samples/rooted_avd/E02_rooted_avd__observer-adb__sample.json": [
      {
        "type": "Hex High Entropy String",
        "filename": "datasets/samples/rooted_avd/E02_rooted_avd__observer-adb__sample.json",
        "hashed_secret": "ad3cd3e836748e97a128f6bcc073da15714d86f3",
        "is_verified": false,
        "line_number": 26
      },
      {
        "type": "Base64 High Entropy String",
        "filename": "datasets/samples/rooted_avd/E02_rooted_avd__observer-adb__sample.json",
        "hashed_secret": "36c89976d4808080fabbad7612d9010b4b3a3f3a",
        "is_verified": false,
        "line_number": 84
      }
    ],
    "datasets/samples/rooted_avd/E02_rooted_avd__observer-root__sample.json": [
      {
        "type": "Hex High Entropy String",
        "filename": "datasets/samples/rooted_avd/E02_rooted_avd__observer-root__sample.json",
        "hashed_secret": "3e532c4d17a3648927b64b3f3c1c4057a4e57b58",
        "is_verified": false,
        "line_number": 26
      },
      {
        "type": "Base64 High Entropy String",
        "filename": "datasets/samples/rooted_avd/E02_rooted_avd__observer-root__sample.json",
        "hashed_secret": "36c89976d4808080fabbad7612d9010b4b3a3f3a",
        "is_verified": false,
        "line_number": 84
      }
    ],
    "datasets/samples/stock_avd/E01_stock_avd__observer-adb__sample.json": [
      {
        "type": "Hex High Entropy String",
        "filename": "datasets/samples/stock_avd/E01_stock_avd__observer-adb__sample.json",
        "hashed_secret": "841c2e024ff1bb95ea18c199185a7398b8c29045",
        "is_verified": false,
        "line_number": 26
      },
      {
        "type": "Base64 High Entropy String",
        "filename": "datasets/samples/stock_avd/E01_stock_avd__observer-adb__sample.json",
        "hashed_secret": "36c89976d4808080fabbad7612d9010b4b3a3f3a",
        "is_verified": false,
        "line_number": 84
      }
    ],
    "datasets/samples/writable_system_avd/E03_writable_system_avd__observer-adb__sample.json": [
      {
        "type": "Hex High Entropy String",
        "filename": "datasets/samples/writable_system_avd/E03_writable_system_avd__observer-adb__sample.json",
        "hashed_secret": "a9a486b3a47c12800ea18b93789dda053030d438",
        "is_verified": false,
        "line_number": 26
      },
      {
        "type": "Base64 High Entropy String",
        "filename": "datasets/samples/writable_system_avd/E03_writable_system_avd__observer-adb__sample.json",
        "hashed_secret": "36c89976d4808080fabbad7612d9010b4b3a3f3a",
        "is_verified": false,
        "line_number": 84
      }
    ],
    "results/trust_state_diffs.md": [
      {
        "type": "Base64 High Entropy String",
        "filename": "results/trust_state_diffs.md",
        "hashed_secret": "36c89976d4808080fabbad7612d9010b4b3a3f3a",
        "is_verified": false,
        "line_number": 80
      }
    ],
    "tests/fixtures/adapters/app_probe_v2.json": [
      {
        "type": "Hex High Entropy String",
        "filename": "tests/fixtures/adapters/app_probe_v2.json",
        "hashed_secret": "2f4bd50ad388baa1875b6501f75ec9cbf029e42e",
        "is_verified": false,
        "line_number": 57
      }
    ],
    "tests/fixtures/cross_observer_bundle/expectations.json": [
      {
        "type": "Hex High Entropy String",
        "filename": "tests/fixtures/cross_observer_bundle/expectations.json",
        "hashed_secret": "9ae0ae863923d7e73dad05fd37109548971df768",
        "is_verified": false,
        "line_number": 20
      },
      {
        "type": "Hex High Entropy String",
        "filename": "tests/fixtures/cross_observer_bundle/expectations.json",
        "hashed_secret": "961da38d435ae6f42be8f5454931a50ac3cf1032",
        "is_verified": false,
        "line_number": 21
      },
      {
        "type": "Hex High Entropy String",
        "filename": "tests/fixtures/cross_observer_bundle/expectations.json",
        "hashed_secret": "a21b1f867c831eb2cc2cfe7c4af12fc693394b2b",
        "is_verified": false,
        "line_number": 30
      },
      {
        "type": "Hex High Entropy String",
        "filename": "tests/fixtures/cross_observer_bundle/expectations.json",
        "hashed_secret": "c90b11fa90e04c47aab9c7b4ce9b6f9ac6b51c7f",
        "is_verified": false,
        "line_number": 31
      },
      {
        "type": "Hex High Entropy String",
        "filename": "tests/fixtures/cross_observer_bundle/expectations.json",
        "hashed_secret": "4e2e03d8d7ffcc801e4de1fac855ec8a9560e0a4",
        "is_verified": false,
        "line_number": 40
      },
      {
        "type": "Hex High Entropy String",
        "filename": "tests/fixtures/cross_observer_bundle/expectations.json",
        "hashed_secret": "756fba31128daa3b7c6020a08d0b8a3275338687",
        "is_verified": false,
        "line_number": 41
      }
    ],
    "tests/fixtures/cross_observer_bundle/generated/diffs/adb_vs_root.json": [
      {
        "type": "Hex High Entropy String",
        "filename": "tests/fixtures/cross_observer_bundle/generated/diffs/adb_vs_root.json",
        "hashed_secret": "8d0b8314cbfeb2a9a08584b16d0bbb337ea5f603",
        "is_verified": false,
        "line_number": 3
      },
      {
        "type": "Hex High Entropy String",
        "filename": "tests/fixtures/cross_observer_bundle/generated/diffs/adb_vs_root.json",
        "hashed_secret": "7ae835f0bb62915eb489e217372012e89a6f9714",
        "is_verified": false,
        "line_number": 886
      },
      {
        "type": "Hex High Entropy String",
        "filename": "tests/fixtures/cross_observer_bundle/generated/diffs/adb_vs_root.json",
        "hashed_secret": "5894e84a6c8537d0cf7508274cb396a2aa3110da",
        "is_verified": false,
        "line_number": 982
      },
      {
        "type": "Hex High Entropy String",
        "filename": "tests/fixtures/cross_observer_bundle/generated/diffs/adb_vs_root.json",
        "hashed_secret": "775718ddec10fdf6c912ddf70f822264a94b73df",
        "is_verified": false,
        "line_number": 1568
      },
      {
        "type": "Hex High Entropy String",
        "filename": "tests/fixtures/cross_observer_bundle/generated/diffs/adb_vs_root.json",
        "hashed_secret": "4ed24028251fb55b5306c8b9f1f758a46dbcc418",
        "is_verified": false,
        "line_number": 1581
      }
    ],
    "tests/fixtures/cross_observer_bundle/generated/diffs/app_vs_adb.json": [
      {
        "type": "Hex High Entropy String",
        "filename": "tests/fixtures/cross_observer_bundle/generated/diffs/app_vs_adb.json",
        "hashed_secret": "3e989085a2f1754e8dbaa4c86ec9943162e4a550",
        "is_verified": false,
        "line_number": 3
      },
      {
        "type": "Hex High Entropy String",
        "filename": "tests/fixtures/cross_observer_bundle/generated/diffs/app_vs_adb.json",
        "hashed_secret": "17d51379e84fdb94e59316b6f191216d7ae5f00f",
        "is_verified": false,
        "line_number": 898
      },
      {
        "type": "Hex High Entropy String",
        "filename": "tests/fixtures/cross_observer_bundle/generated/diffs/app_vs_adb.json",
        "hashed_secret": "8d0b8314cbfeb2a9a08584b16d0bbb337ea5f603",
        "is_verified": false,
        "line_number": 1093
      },
      {
        "type": "Hex High Entropy String",
        "filename": "tests/fixtures/cross_observer_bundle/generated/diffs/app_vs_adb.json",
        "hashed_secret": "fbe3ce1231005105ed4a3ee198f52a6cc21ce760",
        "is_verified": false,
        "line_number": 1189
      },
      {
        "type": "Base64 High Entropy String",
        "filename": "tests/fixtures/cross_observer_bundle/generated/diffs/app_vs_adb.json",
        "hashed_secret": "36c89976d4808080fabbad7612d9010b4b3a3f3a",
        "is_verified": false,
        "line_number": 1711
      },
      {
        "type": "Hex High Entropy String",
        "filename": "tests/fixtures/cross_observer_bundle/generated/diffs/app_vs_adb.json",
        "hashed_secret": "c8bb0b78e5cc4ce07868295b024f19fe8513bc3f",
        "is_verified": false,
        "line_number": 2022
      },
      {
        "type": "Hex High Entropy String",
        "filename": "tests/fixtures/cross_observer_bundle/generated/diffs/app_vs_adb.json",
        "hashed_secret": "775718ddec10fdf6c912ddf70f822264a94b73df",
        "is_verified": false,
        "line_number": 2035
      }
    ],
    "tests/fixtures/cross_observer_bundle/generated/diffs/app_vs_root.json": [
      {
        "type": "Hex High Entropy String",
        "filename": "tests/fixtures/cross_observer_bundle/generated/diffs/app_vs_root.json",
        "hashed_secret": "3e989085a2f1754e8dbaa4c86ec9943162e4a550",
        "is_verified": false,
        "line_number": 3
      },
      {
        "type": "Hex High Entropy String",
        "filename": "tests/fixtures/cross_observer_bundle/generated/diffs/app_vs_root.json",
        "hashed_secret": "17d51379e84fdb94e59316b6f191216d7ae5f00f",
        "is_verified": false,
        "line_number": 1468
      },
      {
        "type": "Hex High Entropy String",
        "filename": "tests/fixtures/cross_observer_bundle/generated/diffs/app_vs_root.json",
        "hashed_secret": "7ae835f0bb62915eb489e217372012e89a6f9714",
        "is_verified": false,
        "line_number": 1663
      },
      {
        "type": "Hex High Entropy String",
        "filename": "tests/fixtures/cross_observer_bundle/generated/diffs/app_vs_root.json",
        "hashed_secret": "9698dcf08fd3c97b9d454b74ae288e5f7ac94671",
        "is_verified": false,
        "line_number": 1759
      },
      {
        "type": "Base64 High Entropy String",
        "filename": "tests/fixtures/cross_observer_bundle/generated/diffs/app_vs_root.json",
        "hashed_secret": "36c89976d4808080fabbad7612d9010b4b3a3f3a",
        "is_verified": false,
        "line_number": 2281
      },
      {
        "type": "Hex High Entropy String",
        "filename": "tests/fixtures/cross_observer_bundle/generated/diffs/app_vs_root.json",
        "hashed_secret": "c8bb0b78e5cc4ce07868295b024f19fe8513bc3f",
        "is_verified": false,
        "line_number": 3164
      },
      {
        "type": "Hex High Entropy String",
        "filename": "tests/fixtures/cross_observer_bundle/generated/diffs/app_vs_root.json",
        "hashed_secret": "4ed24028251fb55b5306c8b9f1f758a46dbcc418",
        "is_verified": false,
        "line_number": 3177
      }
    ],
    "tests/fixtures/cross_observer_bundle/generated/reports/adb_report.json": [
      {
        "type": "Hex High Entropy String",
        "filename": "tests/fixtures/cross_observer_bundle/generated/reports/adb_report.json",
        "hashed_secret": "8d0b8314cbfeb2a9a08584b16d0bbb337ea5f603",
        "is_verified": false,
        "line_number": 26
      },
      {
        "type": "Base64 High Entropy String",
        "filename": "tests/fixtures/cross_observer_bundle/generated/reports/adb_report.json",
        "hashed_secret": "36c89976d4808080fabbad7612d9010b4b3a3f3a",
        "is_verified": false,
        "line_number": 84
      },
      {
        "type": "Hex High Entropy String",
        "filename": "tests/fixtures/cross_observer_bundle/generated/reports/adb_report.json",
        "hashed_secret": "433f701dbe62b10ef4f3e9d5c1de7f81604ae1e7",
        "is_verified": false,
        "line_number": 123
      },
      {
        "type": "Hex High Entropy String",
        "filename": "tests/fixtures/cross_observer_bundle/generated/reports/adb_report.json",
        "hashed_secret": "a21b1f867c831eb2cc2cfe7c4af12fc693394b2b",
        "is_verified": false,
        "line_number": 138
      }
    ],
    "tests/fixtures/cross_observer_bundle/generated/reports/app_report.json": [
      {
        "type": "Hex High Entropy String",
        "filename": "tests/fixtures/cross_observer_bundle/generated/reports/app_report.json",
        "hashed_secret": "3e989085a2f1754e8dbaa4c86ec9943162e4a550",
        "is_verified": false,
        "line_number": 26
      },
      {
        "type": "Hex High Entropy String",
        "filename": "tests/fixtures/cross_observer_bundle/generated/reports/app_report.json",
        "hashed_secret": "17d51379e84fdb94e59316b6f191216d7ae5f00f",
        "is_verified": false,
        "line_number": 141
      },
      {
        "type": "Hex High Entropy String",
        "filename": "tests/fixtures/cross_observer_bundle/generated/reports/app_report.json",
        "hashed_secret": "f8e7b21c711428affa455b7ad8c4953b4cfdcbb6",
        "is_verified": false,
        "line_number": 336
      },
      {
        "type": "Hex High Entropy String",
        "filename": "tests/fixtures/cross_observer_bundle/generated/reports/app_report.json",
        "hashed_secret": "9ae0ae863923d7e73dad05fd37109548971df768",
        "is_verified": false,
        "line_number": 361
      }
    ],
    "tests/fixtures/cross_observer_bundle/generated/reports/root_report.json": [
      {
        "type": "Hex High Entropy String",
        "filename": "tests/fixtures/cross_observer_bundle/generated/reports/root_report.json",
        "hashed_secret": "7ae835f0bb62915eb489e217372012e89a6f9714",
        "is_verified": false,
        "line_number": 26
      },
      {
        "type": "Base64 High Entropy String",
        "filename": "tests/fixtures/cross_observer_bundle/generated/reports/root_report.json",
        "hashed_secret": "36c89976d4808080fabbad7612d9010b4b3a3f3a",
        "is_verified": false,
        "line_number": 84
      },
      {
        "type": "Hex High Entropy String",
        "filename": "tests/fixtures/cross_observer_bundle/generated/reports/root_report.json",
        "hashed_secret": "93ff68d6cc7e932b2bdc8ff241e736c58434c8e0",
        "is_verified": false,
        "line_number": 127
      },
      {
        "type": "Hex High Entropy String",
        "filename": "tests/fixtures/cross_observer_bundle/generated/reports/root_report.json",
        "hashed_secret": "4e2e03d8d7ffcc801e4de1fac855ec8a9560e0a4",
        "is_verified": false,
        "line_number": 142
      }
    ],
    "tests/fixtures/sample_diff.json": [
      {
        "type": "Hex High Entropy String",
        "filename": "tests/fixtures/sample_diff.json",
        "hashed_secret": "841c2e024ff1bb95ea18c199185a7398b8c29045",
        "is_verified": false,
        "line_number": 3
      },
      {
        "type": "Hex High Entropy String",
        "filename": "tests/fixtures/sample_diff.json",
        "hashed_secret": "ad3cd3e836748e97a128f6bcc073da15714d86f3",
        "is_verified": false,
        "line_number": 62
      },
      {
        "type": "Hex High Entropy String",
        "filename": "tests/fixtures/sample_diff.json",
        "hashed_secret": "5c3d28dc3e4ca229f0d0421784533bcd30d6e05f",
        "is_verified": false,
        "line_number": 128
      },
      {
        "type": "Hex High Entropy String",
        "filename": "tests/fixtures/sample_diff.json",
        "hashed_secret": "b0563d95c327a24255d8e834bf03b2651209634b",
        "is_verified": false,
        "line_number": 141
      },
      {
        "type": "Hex High Entropy String",
        "filename": "tests/fixtures/sample_diff.json",
        "hashed_secret": "bc627f56f9c36db6965c90a39c3f05dc8f9f0174",
        "is_verified": false,
        "line_number": 154
      }
    ],
    "tests/fixtures/sample_normalized_report.json": [
      {
        "type": "Hex High Entropy String",
        "filename": "tests/fixtures/sample_normalized_report.json",
        "hashed_secret": "c4a45b763bd8dc2e33dea9f80debefb230f44ad5",
        "is_verified": false,
        "line_number": 26
      },
      {
        "type": "Base64 High Entropy String",
        "filename": "tests/fixtures/sample_normalized_report.json",
        "hashed_secret": "36c89976d4808080fabbad7612d9010b4b3a3f3a",
        "is_verified": false,
        "line_number": 84
      }
    ],
    "tests/golden/cli_expectations.json": [
      {
        "type": "Hex High Entropy String",
        "filename": "tests/golden/cli_expectations.json",
        "hashed_secret": "6648fbc02c232b28dca03b890ebb2f5e290eec2b",
        "is_verified": false,
        "line_number": 5
      }
    ],
    "tests/golden/report_v1_to_v2_expectations.json": [
      {
        "type": "Hex High Entropy String",
        "filename": "tests/golden/report_v1_to_v2_expectations.json",
        "hashed_secret": "9c90b348187dcae4e56a3110bcf4edb72234134c",
        "is_verified": false,
        "line_number": 12
      },
      {
        "type": "Hex High Entropy String",
        "filename": "tests/golden/report_v1_to_v2_expectations.json",
        "hashed_secret": "7af31f6dde9f024f800ce4753ff32f6deaf1e915",
        "is_verified": false,
        "line_number": 14
      }
    ],
    "tests/test_collection_manifest.py": [
      {
        "type": "AWS Access Key",
        "filename": "tests/test_collection_manifest.py",
        "hashed_secret": "25910f981e85ca04baf359199dd0bd4a3ae738b6",
        "is_verified": false,
        "line_number": 436
      }
    ],
    "tests/test_content_identity.py": [
      {
        "type": "Hex High Entropy String",
        "filename": "tests/test_content_identity.py",
        "hashed_secret": "e1a10a9204a5bfa2ce3d54a28ca88b7713c2f34b",
        "is_verified": false,
        "line_number": 62
      }
    ],
    "tests/test_report_migration.py": [
      {
        "type": "AWS Access Key",
        "filename": "tests/test_report_migration.py",
        "hashed_secret": "25910f981e85ca04baf359199dd0bd4a3ae738b6",
        "is_verified": false,
        "line_number": 371
      }
    ],
    "tests/test_root_magisk_privacy.py": [
      {
        "type": "Hex High Entropy String",
        "filename": "tests/test_root_magisk_privacy.py",
        "hashed_secret": "41e29575c7361b2924f701502ca6d932b45b9e51",
        "is_verified": false,
        "line_number": 153
      }
    ]
  },
  "generated_at": "2026-07-17T08:02:22Z"
}
